TN:
SF:test/data/eo01/eo01.hs
FNF:0
FNH:0
BRF:0
BRH:0
DA:5,0
DA:6,0
DA:11,0
DA:13,1
DA:17,1
DA:18,1
DA:19,1
DA:20,1
DA:22,0
DA:25,0
DA:28,0
DA:32,1
DA:33,1
DA:34,0
DA:35,0
DA:38,1
DA:39,1
DA:40,1
DA:41,1
DA:42,1
DA:43,1
LF:21
LH:13
end_of_record
