{"coverage":{"test/data/eo01/eo01.hs":{"5":0,"6":0,"11":0,"13":1,"17":"1/2","18":"1/2","19":"1/2","20":1,"22":0,"25":0,"28":0,"32":"1/2","33":1,"34":0,"35":0,"38":1,"39":1,"40":1,"41":1,"42":1,"43":"1/2"}}}
