<?xml version="1.0" ?><!DOCTYPE coverage SYSTEM 'http://cobertura.sourceforge.nex/xml/coverage-0.4.dtd'><coverage branch-rate="0.25" branches-covered="9" branches-valid="36" complexity="0" line-rate="0.72" lines-covered="18" lines-valid="25" timestamp="0" version="2.0.3"><sources><source>.</source></sources><packages><package name="test.data.project1.src" line-rate="0.875" branch-rate="0.375" complexity="0"><classes><class branch-rate="0.375" complexity="0" filename="test/data/project1/src/Lib.hs" line-rate="0.875" name="Lib"><methods><method name="someFunc" signature="" line-rate="0.0" branch-rate="0.0"><lines><line hits="0" number="13" branch="false"/></lines></method><method name="anotherFunc" signature="" line-rate="0.0" branch-rate="0.0"><lines><line hits="0" number="19" branch="false"/></lines></method></methods><lines><line branch="false" hits="1" number="13"/><line branch="true" hits="1" number="14" condition-coverage="50% (1/2)"/><line branch="false" hits="1" number="15"/><line branch="false" hits="0" number="16"/><line branch="false" hits="1" number="19"/><line branch="true" hits="1" number="20" condition-coverage="50% (3/6)"/><line branch="true" hits="1" number="21" condition-coverage="17% (1/6)"/><line branch="true" hits="1" number="22" condition-coverage="50% (1/2)"/></lines></class></classes></package><package name="test.data.project1.src.Lib" line-rate="0.4444444444444444" branch-rate="0.15" complexity="0"><classes><class branch-rate="0.1" complexity="0" filename="test/data/project1/src/Lib/Bar.hs" line-rate="0.4" name="Lib.Bar"><methods><method name="theNewFunc" signature="" line-rate="0.0" branch-rate="0.0"><lines><line hits="0" number="9" branch="false"/></lines></method></methods><lines><line branch="false" hits="1" number="9"/><line branch="true" hits="1" number="10" condition-coverage="50% (1/2)"/><line branch="true" hits="0" number="11" condition-coverage="0% (0/2)"/><line branch="true" hits="0" number="12" condition-coverage="0% (0/4)"/><line branch="true" hits="0" number="13" condition-coverage="0% (0/2)"/></lines></class><class branch-rate="0.2" complexity="0" filename="test/data/project1/src/Lib/Foo.hs" line-rate="0.5" name="Lib.Foo"><methods><method name="yetAnotherFunc" signature="" line-rate="0.0" branch-rate="0.0"><lines><line hits="0" number="4" branch="false"/></lines></method></methods><lines><line branch="false" hits="1" number="4"/><line branch="true" hits="1" number="5" condition-coverage="50% (2/4)"/><line branch="true" hits="0" number="6" condition-coverage="0% (0/4)"/><line branch="true" hits="0" number="7" condition-coverage="0% (0/2)"/></lines></class></classes></package><package name="test.data.project1.src.Lib.Bar" line-rate="0.5" branch-rate="0.0" complexity="0"><classes><class branch-rate="0.0" complexity="0" filename="test/data/project1/src/Lib/Bar/Buzz.hs" line-rate="0.5" name="Lib.Bar.Buzz"><methods><method name="theReturnedFunc" signature="" line-rate="0.0" branch-rate="0.0"><lines><line hits="0" number="4" branch="false"/></lines></method><method name="&lt;&amp;&amp;&gt;" signature="" line-rate="0.0" branch-rate="0.0"><lines><line hits="0" number="7" branch="false"/></lines></method></methods><lines><line branch="false" hits="1" number="4"/><line branch="false" hits="0" number="7"/></lines></class></classes></package><package name="test.data.project1.test" line-rate="1.0" branch-rate="0.0" complexity="0"><classes><class branch-rate="0.0" complexity="0" filename="test/data/project1/test/Spec.hs" line-rate="1.0" name="Spec"><methods><method name="main" signature="" line-rate="0.0" branch-rate="0.0"><lines><line hits="0" number="4" branch="false"/></lines></method></methods><lines><line branch="false" hits="1" number="4"/><line branch="false" hits="1" number="5"/><line branch="false" hits="1" number="6"/><line branch="false" hits="1" number="7"/><line branch="false" hits="1" number="8"/><line branch="false" hits="1" number="9"/></lines></class></classes></package></packages></coverage>