{"coverage":{"test/data/ifd01/ifd01.hs":{"4":1,"5":"1/2","6":0,"7":0,"15":1,"16":"1/2","17":"1/2","18":0,"21":1,"22":"1/2","23":1,"24":1}}}
