{"coverage":{"test/data/ith01/ith01.hs":{"12":1,"13":1,"14":1},"test/data/ith01/./TH01.hs":{"8":0,"11":0}}}
